// Jest Snapshot v1, https://goo.gl/fbAQLP

exports[`CardContainer should match snapshot 1`] = `
ShallowWrapper {
  "length": 1,
  Symbol(enzyme.__root__): [Circular],
  Symbol(enzyme.__unrendered__): <CardContainer
    typeData={
      Array [
        Object {
          "id": "1",
          "name": "normal",
          "pokemon": Array [
            "16",
            "17",
            "18",
            "19",
            "20",
          ],
        },
      ]
    }
  />,
  Symbol(enzyme.__renderer__): Object {
    "batchedUpdates": [Function],
    "getNode": [Function],
    "render": [Function],
    "simulateEvent": [Function],
    "unmount": [Function],
  },
  Symbol(enzyme.__node__): Object {
    "instance": null,
    "key": undefined,
    "nodeType": "host",
    "props": Object {
      "children": Array [
        <Unknown
          className="card"
          handleClick={[Function]}
          pokemon={Array []}
          type={
            Object {
              "id": "1",
              "name": "normal",
              "pokemon": Array [
                "16",
                "17",
                "18",
                "19",
                "20",
              ],
            }
          }
        />,
      ],
      "className": "card-container",
    },
    "ref": null,
    "rendered": Array [
      Object {
        "instance": null,
        "key": "0",
        "nodeType": "function",
        "props": Object {
          "className": "card",
          "handleClick": [Function],
          "pokemon": Array [],
          "type": Object {
            "id": "1",
            "name": "normal",
            "pokemon": Array [
              "16",
              "17",
              "18",
              "19",
              "20",
            ],
          },
        },
        "ref": null,
        "rendered": null,
        "type": [Function],
      },
    ],
    "type": "div",
  },
  Symbol(enzyme.__nodes__): Array [
    Object {
      "instance": null,
      "key": undefined,
      "nodeType": "host",
      "props": Object {
        "children": Array [
          <Unknown
            className="card"
            handleClick={[Function]}
            pokemon={Array []}
            type={
              Object {
                "id": "1",
                "name": "normal",
                "pokemon": Array [
                  "16",
                  "17",
                  "18",
                  "19",
                  "20",
                ],
              }
            }
          />,
        ],
        "className": "card-container",
      },
      "ref": null,
      "rendered": Array [
        Object {
          "instance": null,
          "key": "0",
          "nodeType": "function",
          "props": Object {
            "className": "card",
            "handleClick": [Function],
            "pokemon": Array [],
            "type": Object {
              "id": "1",
              "name": "normal",
              "pokemon": Array [
                "16",
                "17",
                "18",
                "19",
                "20",
              ],
            },
          },
          "ref": null,
          "rendered": null,
          "type": [Function],
        },
      ],
      "type": "div",
    },
  ],
  Symbol(enzyme.__options__): Object {
    "adapter": ReactSixteenAdapter {
      "options": Object {
        "enableComponentDidUpdateOnSetState": true,
      },
    },
  },
}
`;
